1 ID k5k9qlt7HJlN7sc
1 STRING GUM2N3sGCj8lw  	 C \ 81271 Nviyyw3 16723 96507fP59FaoYt2  35099 true
1 ID P
Error \
