1 BINOP *
1 BINOP *
1 RELOP ==
1 ID k9iAFl
1 STRING j  /int+
1 NUM 60271
1 ID NDujWjGsts
Error unclosed string
