1 STRING ]  67693 nNQ67brx d \ 012074 0053092 \ " \ I BX7NfNkRsE 76252 LpJZWeL Q i \ \ 
1 NUM 6
1 ID QBAVzEA7LxFZiXJ
Error &
