1 ID elseVrw
1 STRING   	 36786 x  p F 32058 63615 2mB "" <=-
Error \
