1 ID eQyEMq560Oesm
1 STRING  gK3kxC  b  cr6MNZoUMJN1a7d I g0EiriUO 16152 	 false<voidandwhile
1 ID J
1 ID CB6OEL6uL2X99T
Error \
