1 STRING r 18856 	 4UxCa5hbEz 32026 i 71421  Q " 25836 R23L (break7rkAR9DSE3QbLzP/falseif
Error \
