1 STRING w < e 68331 83045 H B af8cVbcxI08CCL " \ dTRArOK 
  H  \  8DGt2IUWE 074900 
1 ID E
Error \
