1 BINOP /
1 STRING 	 73004 x 60514 k SWH77qL q notb
Error \
