1 LBRACE {
1 STRING x  
 " z Jv74BRN4n1uHc 86066 d 0013675  M 	Z0 P08ooB9w16NBsh ~ 46410 \ 94290 \ 
1 NUM 25525
Error \
