1 TRUE true
1 STRING  " M3FjpShHMPbPv L 58225 22203" i 	 
1 ID PC636PWpro
Error \
