1 WHILE while
1 STRING z mPcL31ICS7V40979 0DHJz e y2KGhmBzfxbei  y 18110 L 9106 A 91355 b
Error \
