1 STRING  91329D  78774 TzZlNAZVQijLRZd75584 Q 18623 u 74670 
 UHqD0zsdZ1quXr 12730 njN8UIAtpuOKH  ERXh GDDOJhGSePIwa
1 ID vL8
Error \
