1 ID whilecontinue
1 STRING " lW2n j 64675  13585 
 
 Y" eyKR4QjqD5LiFs i 
Error \
