1 STRING 012448 (   k  7rpnA 	 
 13848 ;==Pk
Error \
