1 RELOP !=
1 STRING \ 0056835  I 23794 47590 \ " 	 	 R og07DwOQ6N " v5EY4RYdYOzIU false
Error \
