1 STRING 65392 \ mD0KAquIxSm  \ 70974  \ ejT4zRDejjIgD 
 25573 35432 72780 68464 k 	 
Error \
