1 RELOP >=
1 ID boolelse
1 RELOP <=
1 RELOP !=
1 STRING s l  0tpYWPKba275t 
 bool
1 NUM 63644
Error \
