1 ASSIGN =
1 STRING TjYEcq1tk8Cbfx   m W UhXv53y6wgSXnM T QlKm
Error \
