1 ID boolQRwyJrPAborXSBulu5KRvIrMFsRsVulu5
1 LBRACE {
1 RETURN return
1 LBRACE {
Error unclosed string
