1 ID ifreturn
1 STRING b
  29855 \\x66 7442 30362 void*
Error \
