1 NOT not
1 STRING " " D "(9  41220 065406 58417 97014 41621 	  R hz5ohWI 17865 	 >=<=
Error \
