1 STRING  WBSvYcPDEnCU & 0025780  " k " =bool>break
Error \
