1 LPAREN (
1 LBRACE {
1 ASSIGN =
1 ID Rowluhp
1 STRING * ,
  " or)
Error undefined escape sequence  
