1 STRING V m0kzI 
V 5253 	 "  w6z3JmonY thG0fzsz)
1 NUM 49028
1 NUM 5
1 ID VrrgVNV2g4
Error \
