1 ID S61WFUq47H321g
1 STRING 3 OnEtvmDen9uufgC   Y q4y   \ 	rue+
1 ID t6pBN64rC
1 ID v
Error \
