1 ID TuJ
1 STRING c  H " 
\ B $  Q  pFljpt-bytemfCOq0jy
1 NUM 51900
Error \
