1 LPAREN (
1 RELOP <
1 ID dPp8ujbRYpw
1 STRING 96941 71919 \  qUk2E400I6ENg2 Z 50828 
Error \
