1 RELOP <
1 BOOL bool
1 STRING T  \ 	 40061 
 R  \ V 44490  O  D a  or/>=sIF
1 ID g
1 ID L
Error \
