1 STRING \  Rpfc85OvTxKJbwZ tNo23s q k 53357 true
Error \
