1 STRING W A" c QQ9EG2nmubB " ixfb1hmet5cscv / 
 
  ADbQCEpRW1x9nQ 7rt6dZN 	 awJSxIU9X  	 break while
1 ID B
Error \
