1 ASSIGN =
1 OR or
1 RELOP ==
1 LBRACE {
1 ID anxXP0bWint
1 STRING 14015 OI E  60243 B24g
2 WHILE while
2 STRING AYAQt40TixLs6h  e \ nr 	 KndNOv cFrQm2EIR  51236"40461 !=>bool
Error \
