1 BINOP /
1 BREAK break
Error undefined escape sequence xC2
