1 SC ;
1 RELOP >=
1 ID whileDBNKqTUc5cP
1 STRING 8 B   NF2  37708 7YFEUDzwhxtzRV 	N 3703 " dmwUb4hErhwgMm DBNKqTU>=>=
1 ID fyN
1 ID G
Error \
