1 BINOP /
1 STRING  
 27160 CNWCRXJhcOn " 
1 ID D
Error \
