1 BYTE byte
1 STRING l0cg48FA9 70893 rJy 23015 N 31546 82056  86770 6498 
Error \
