1 ASSIGN =
1 STRING " T  52021 La7d  38533 Q  =<
Error \
