1 STRING XPnEyQQ4Tl 9HWRJtBeDG4  imf79dTMRC a8OMsXUE   	 vpMOGISWVxN 	 " pIbZsXV  "W kOa " 
1 ID wLPP2HgjRASkyC0
Error \
