1 STRING  \  d 81509 40041  37903 h  b!=truereturnyRp
1 ID A
1 NUM 79284
1 ID OBqleTRIvSS7JI
Error \
