1 VOID void
1 STRING O I U m xdmKUtlRtDW L DQZt7kCccUMt2 
  F37372 
Error \
