1 RELOP ==
1 STRING 	 " 66110   
 J \ 
 8171 Ivd1G RkDrwSTfHPk 7Ln7OQx4d zonru85NcXl S \ p Ds67P0EE230Q whileorfalse
Error \
