1 STRING 79574 g    DH7 pMa78ztoYAfpI1 88351 	 E 
1 NUM 79574
Error \
