1 BOOL bool
1 BINOP +
1 ID boolbytehtS6QlfNL1FaST2return
1 STRING \ b 12080 	 " 	 \ e v94gyzzRI "  73237DHRLIIrGZn7lQvA c9PFCmSoRGTp7   G J 	 
Error \
