1 RELOP ==
1 BYTE byte
1 BINOP *
1 STRING \ 66647Z h 3 
 89983 25331 p8	 R while
1 NUM 742717
Error \
