1 SC ;
1 RBRACE }
1 ID WYuFCAr3oelse
1 BINOP +
1 B b
1 STRING k x V 72936 	  32825 ZT1algisl " av34g9i7xyJK 	 	 ) +rkbYv9y
Error \
