1 STRING  29986 u2fJcNt3kRW v IMfq 79083 47612 FPMaXWKFPMaXWK*<=+<=
Error \
