1 STRING 
 	 \ 499361232 20164 
 3387 8 or
1 NUM 5079
Error \
