1 RBRACE }
1 RELOP !=
1 STRING  1978437257  \ 7439I oSgpH Y i  D 	 " SQIrYbytefalseor
1 ID Vi7jQHMll65hX
1 NUM 62008
1 NUM 14939
Error \
