---end scope---
---end scope---
---end scope---
d INT 3
e BOOL 4
---end scope---
c INT 2
e BOOL 3
---end scope---
a INT 1
c BOOL 2
---end scope---
---end scope---
a BOOL 1
line 25: variable a is not defined
