line 1: prototype mismatch, function readi expects arguments STRING
